Id 0: partitial sums 4950, 732, 1261, 0
Id 1: partitial sums 0, 1118, 1204, 1122
Id 2: partitial sums 0, 1332, 1228, 1584
Id 3: partitial sums 0, 1768, 1257, 2244
Total sums: 4950, 4950, 4950, 4950
