100 x 100 x 100 cells (mem 16.0 MB), running 10 iterations with 4 tasks (shrink every 10 iterations by 1)
Residuum after  1 iters: 3088288.333333
Global value sum after 10 iterations: 2551845.268698
