Id 0: partitial sums 4950, 4950, 4950, 4950
Total sums: 4950, 4950, 4950, 4950
